Renesas Optimizing Linker (V2.07.00 )             23-Apr-2019 23:16:05

*** Options ***

-library=E:\work\etouch\2018\ALIos\AliOS-Things-rx_1.3.1_rx_platform\projects\e2studio\rx_mbedtls_lib\Debug\rx_mbedtls_lib.lib
-noprelink
-subcommand=LinkerSubCommand.tmp
-input=".\platform/arch/rx600/rx65n/e2s\port_cpu.obj"
-input=".\app/example/mqttapp\app_entry.obj"
-input=".\app/example/mqttapp\mqtt_example.obj"
-input=".\board/r5f565ne-rtbrx65n\board.obj"
-input=".\board/r5f565ne-rtbrx65n\test_r5f.obj"
-input=".\drivers/sal/wifi/mk3060\mk3060.obj"
-input=".\drivers/sal/wifi/mk3060\wifi_atcmd.obj"
-input=".\kernel/cli\cli.obj"
-input=".\kernel/cli\cli_adapt.obj"
-input=".\kernel/cli\cli_default_command.obj"
-input=".\kernel/debug\debug_backtrace.obj"
-input=".\kernel/debug\debug_cpuusage.obj"
-input=".\kernel/debug\debug_infoget.obj"
-input=".\kernel/debug\debug_overview.obj"
-input=".\kernel/debug\debug_panic.obj"
-input=".\kernel/fs/kv\kv.obj"
-input=".\kernel/fs/kv\kv_adapt.obj"
-input=".\kernel/fs/kv\kv_cli.obj"
-input=".\kernel/fs/vfs\vfs.obj"
-input=".\kernel/fs/vfs\vfs_adapt.obj"
-input=".\kernel/fs/vfs\vfs_file.obj"
-input=".\kernel/fs/vfs\vfs_inode.obj"
-input=".\kernel/init\aos_init.obj"
-input=".\kernel/rhino\k_buf_queue.obj"
-input=".\kernel/rhino\k_dyn_mem_proc.obj"
-input=".\kernel/rhino\k_err.obj"
-input=".\kernel/rhino\k_event.obj"
-input=".\kernel/rhino\k_idle.obj"
-input=".\kernel/rhino\k_mm.obj"
-input=".\kernel/rhino\k_mm_blk.obj"
-input=".\kernel/rhino\k_mm_debug.obj"
-input=".\kernel/rhino\k_mutex.obj"
-input=".\kernel/rhino\k_obj.obj"
-input=".\kernel/rhino\k_pend.obj"
-input=".\kernel/rhino\k_queue.obj"
-input=".\kernel/rhino\k_ringbuf.obj"
-input=".\kernel/rhino\k_sched.obj"
-input=".\kernel/rhino\k_sem.obj"
-input=".\kernel/rhino\k_spin_lock.obj"
-input=".\kernel/rhino\k_stats.obj"
-input=".\kernel/rhino\k_sys.obj"
-input=".\kernel/rhino\k_task.obj"
-input=".\kernel/rhino\k_task_sem.obj"
-input=".\kernel/rhino\k_tick.obj"
-input=".\kernel/rhino\k_time.obj"
-input=".\kernel/rhino\k_timer.obj"
-input=".\kernel/rhino\k_workqueue.obj"
-input=".\middleware/linkkit/sdk-c/src/infra/log\iotx_log.obj"
-input=".\middleware/linkkit/sdk-c/src/infra/system\ca.obj"
-input=".\middleware/linkkit/sdk-c/src/infra/system\event.obj"
-input=".\middleware/linkkit/sdk-c/src/infra/system/facility\fac_string.obj"
-input=".\middleware/linkkit/sdk-c/src/infra/system\guider.obj"
-input=".\middleware/linkkit/sdk-c/src/infra/system\report.obj"
-input=".\middleware/linkkit/sdk-c/src/infra/utils/digest\utils_base64.obj"
-input=".\middleware/linkkit/sdk-c/src/infra/utils/digest\utils_hmac.obj"
-input=".\middleware/linkkit/sdk-c/src/infra/utils/digest\utils_md5.obj"
-input=".\middleware/linkkit/sdk-c/src/infra/utils/digest\utils_sha1.obj"
-input=".\middleware/linkkit/sdk-c/src/infra/utils/digest\utils_sha256.obj"
-input=".\middleware/linkkit/sdk-c/src/infra/utils/misc\json_parser.obj"
-input=".\middleware/linkkit/sdk-c/src/infra/utils/misc\json_token.obj"
-input=".\middleware/linkkit/sdk-c/src/infra/utils/misc\lite-cjson.obj"
-input=".\middleware/linkkit/sdk-c/src/infra/utils/misc\mem_stats.obj"
-input=".\middleware/linkkit/sdk-c/src/infra/utils/misc\utils_epoch_time.obj"
-input=".\middleware/linkkit/sdk-c/src/infra/utils/misc\utils_event.obj"
-input=".\middleware/linkkit/sdk-c/src/infra/utils/misc\utils_httpc.obj"
-input=".\middleware/linkkit/sdk-c/src/infra/utils/misc\utils_net.obj"
-input=".\middleware/linkkit/sdk-c/src/infra/utils/misc\utils_string.obj"
-input=".\middleware/linkkit/sdk-c/src/infra/utils/misc\utils_timer.obj"
-input=".\middleware/linkkit/sdk-c/src/protocol/mqtt/MQTTPacket\MQTTConnectClient.obj"
-input=".\middleware/linkkit/sdk-c/src/protocol/mqtt/MQTTPacket\MQTTDeserializePublish.obj"
-input=".\middleware/linkkit/sdk-c/src/protocol/mqtt/MQTTPacket\MQTTPacket.obj"
-input=".\middleware/linkkit/sdk-c/src/protocol/mqtt/MQTTPacket\MQTTSerializePublish.obj"
-input=".\middleware/linkkit/sdk-c/src/protocol/mqtt/MQTTPacket\MQTTSubscribeClient.obj"
-input=".\middleware/linkkit/sdk-c/src/protocol/mqtt/MQTTPacket\MQTTUnsubscribeClient.obj"
-input=".\middleware/linkkit/sdk-c/src/protocol/mqtt/client\mqtt_client.obj"
-input=".\middleware/linkkit/sdk-c/src/ref-impl/hal/os/alios\HAL_Crypt_rhino.obj"
-input=".\middleware/linkkit/sdk-c/src/ref-impl/hal/os/alios\HAL_OS_rhino.obj"
-input=".\middleware/linkkit/sdk-c/src/ref-impl/hal/os/alios\HAL_PRODUCT_rhino.obj"
-input=".\middleware/linkkit/sdk-c/src/ref-impl/hal/os/alios\HAL_TCP_rhino.obj"
-input=".\middleware/linkkit/sdk-c/src/ref-impl/hal/os/alios\HAL_TLS_mbedtls.obj"
-input=".\middleware/linkkit/sdk-c/src/ref-impl/hal/os/alios\HAL_UDP_rhino.obj"
-input=".\middleware/linkkit/sdk-c/src/sdk-impl/deprecated_linkkit\impl_gateway.obj"
-input=".\middleware/linkkit/sdk-c/src/sdk-impl/deprecated_linkkit\impl_ntp.obj"
-input=".\middleware/linkkit/sdk-c/src/sdk-impl/deprecated_linkkit\impl_solo.obj"
-input=".\middleware/linkkit/sdk-c/src/sdk-impl\impl_dynreg.obj"
-input=".\middleware/linkkit/sdk-c/src/sdk-impl\impl_linkkit.obj"
-input=".\middleware/linkkit/sdk-c/src/sdk-impl\impl_logpost.obj"
-input=".\middleware/linkkit/sdk-c/src/sdk-impl\sdk-impl.obj"
-input=".\middleware/linkkit/sdk-c/src/services/mdal/sal/src\ip4_addr.obj"
-input=".\middleware/linkkit/sdk-c/src/services/mdal/sal/src\sal_arch_aos.obj"
-input=".\middleware/linkkit/sdk-c/src/services/mdal/sal/src\sal_err.obj"
-input=".\middleware/linkkit/sdk-c/src/services/mdal/sal/src\sal_sockets.obj"
-input=".\middleware/uagent/ulog\log.obj"
-input=".\middleware/uagent/ulog\ulog_init.obj"
-input=".\network/nal/atparser\atparser.obj"
-input=".\network/nal/atparser\atparser_arch.obj"
-input=".\network/netmgr/hal\wifi.obj"
-input=".\network/netmgr/interfaces\netmgr_wifi.obj"
-input=".\network/netmgr\netmgr.obj"
-input=".\network/yloop/hal\loop_hal_alios.obj"
-input=".\network/yloop/src\device.obj"
-input=".\network/yloop/src\local_event.obj"
-input=".\network/yloop/src\select.obj"
-input=".\network/yloop/src\workqueue.obj"
-input=".\network/yloop/src\yloop.obj"
-input=".\osal/aos\cli.obj"
-input=".\osal/aos\common.obj"
-input=".\osal/aos\kv.obj"
-input=".\osal/aos\rhino.obj"
-input=".\osal/aos\vfs.obj"
-input=".\platform/arch/rx600/rx65n/e2s\port_c.obj"
-input=".\platform/mcu/r5f565ne/aos\soc_impl.obj"
-input=".\platform/mcu/r5f565ne/bsp_RTB\bsp.obj"
-input=".\platform/mcu/r5f565ne/bsp_RTB\bsp_int_vect_tbl.obj"
-input=".\platform/mcu/r5f565ne/bsp_RTB\bsp_led.obj"
-input=".\platform/mcu/r5f565ne/bsp_RTB\bsp_sys.obj"
-input=".\platform/mcu/r5f565ne/bsp_RTB\bsp_vect_tbl.obj"
-input=".\platform/mcu/r5f565ne/bsp_RTB\dbsct.obj"
-input=".\platform/mcu/r5f565ne/bsp_RTB\os_bsp.obj"
-input=".\platform/mcu/r5f565ne/flash\flash_port.obj"
-input=".\platform/mcu/r5f565ne/hal/r_bsp_v3.60/r_bsp/board/generic_rx65n\hwsetup.obj"
-input=".\platform/mcu/r5f565ne/hal/r_bsp_v3.60/r_bsp/board/generic_rx65n\lowlvl.obj"
-input=".\platform/mcu/r5f565ne/hal/r_bsp_v3.60/r_bsp/board/generic_rx65n\lowsrc.obj"
-input=".\platform/mcu/r5f565ne/hal/r_bsp_v3.60/r_bsp/board/generic_rx65n\resetprg.obj"
-input=".\platform/mcu/r5f565ne/hal/r_bsp_v3.60/r_bsp/board/generic_rx65n\sbrk.obj"
-input=".\platform/mcu/r5f565ne/hal/r_bsp_v3.60/r_bsp/mcu/all\r_bsp_common.obj"
-input=".\platform/mcu/r5f565ne/hal/r_bsp_v3.60/r_bsp/mcu/rx65n\cpu.obj"
-input=".\platform/mcu/r5f565ne/hal/r_bsp_v3.60/r_bsp/mcu/rx65n\mcu_clocks.obj"
-input=".\platform/mcu/r5f565ne/hal/r_bsp_v3.60/r_bsp/mcu/rx65n\mcu_interrupts.obj"
-input=".\platform/mcu/r5f565ne/hal/r_bsp_v3.60/r_bsp/mcu/rx65n\mcu_mapped_interrupts.obj"
-input=".\platform/mcu/r5f565ne/hal/r_byteq_v1.60/r_byteq/src\r_byteq.obj"
-input=".\platform/mcu/r5f565ne/hal/r_flash_rx_v3.20/r_flash_rx/src/flash_type_1\r_codeflash.obj"
-input=".\platform/mcu/r5f565ne/hal/r_flash_rx_v3.20/r_flash_rx/src/flash_type_1\r_codeflash_extra.obj"
-input=".\platform/mcu/r5f565ne/hal/r_flash_rx_v3.20/r_flash_rx/src/flash_type_1\r_dataflash.obj"
-input=".\platform/mcu/r5f565ne/hal/r_flash_rx_v3.20/r_flash_rx/src/flash_type_1\r_flash_type1.obj"
-input=".\platform/mcu/r5f565ne/hal/r_flash_rx_v3.20/r_flash_rx/src/flash_type_1\r_flash_utils.obj"
-input=".\platform/mcu/r5f565ne/hal/r_flash_rx_v3.20/r_flash_rx/src/flash_type_2\r_flash_type2.obj"
-input=".\platform/mcu/r5f565ne/hal/r_flash_rx_v3.20/r_flash_rx/src/flash_type_3\r_flash_type3.obj"
-input=".\platform/mcu/r5f565ne/hal/r_flash_rx_v3.20/r_flash_rx/src/flash_type_4\r_flash_type4.obj"
-input=".\platform/mcu/r5f565ne/hal/r_flash_rx_v3.20/r_flash_rx/src\r_flash_fcu.obj"
-input=".\platform/mcu/r5f565ne/hal/r_flash_rx_v3.20/r_flash_rx/src\r_flash_group.obj"
-input=".\platform/mcu/r5f565ne/hal/r_flash_rx_v3.20/r_flash_rx/src\r_flash_rx.obj"
-input=".\platform/mcu/r5f565ne/hal/r_sci_rx_v2.00/src\r_sci_rx.obj"
-input=".\platform/mcu/r5f565ne/hal/r_sci_rx_v2.00/src/targets/rx65n\r_sci_rx65n.obj"
-input=".\platform/mcu/r5f565ne/hal/r_sci_rx_v2.00/src/targets/rx65n\r_sci_rx65n_data.obj"
-input=".\platform/mcu/r5f565ne/uart\uart.obj"
-input=".\security/alicrypto/api/src\api_aes.obj"
-input=".\security/alicrypto/api/src\api_hash.obj"
-input=".\security/alicrypto/api/src\api_hmac.obj"
-input=".\security/alicrypto/api/src\api_init.obj"
-input=".\security/alicrypto/api/src\api_rand.obj"
-input=".\security/alicrypto/api/src\api_rsa.obj"
-input=".\security/alicrypto/api/src\api_sm2.obj"
-input=".\security/alicrypto/api/src\api_sm4.obj"
-input=".\security/alicrypto/core/src\aes.obj"
-input=".\security/alicrypto/core/src\asn1parse.obj"
-input=".\security/alicrypto/core/src\bignum.obj"
-input=".\security/alicrypto/core/src\ecp.obj"
-input=".\security/alicrypto/core/src\ecp_curves.obj"
-input=".\security/alicrypto/core/src\hash_wrap.obj"
-input=".\security/alicrypto/core/src\hmac.obj"
-input=".\security/alicrypto/core/src\md5.obj"
-input=".\security/alicrypto/core/src\oid.obj"
-input=".\security/alicrypto/core/src\rsa.obj"
-input=".\security/alicrypto/core/src\sha1.obj"
-input=".\security/alicrypto/core/src\sha256.obj"
-input=".\security/alicrypto/core/src\sm2.obj"
-input=".\security/alicrypto/core/src\sm3.obj"
-input=".\security/alicrypto/core/src\sm4.obj"
-input=".\security/alicrypto/sal/src\sal_aes.obj"
-input=".\security/alicrypto/sal/src\sal_hash.obj"
-input=".\security/alicrypto/sal/src\sal_hmac.obj"
-input=".\security/alicrypto/sal/src\sal_rand.obj"
-input=".\security/alicrypto/sal/src\sal_rsa.obj"
-input=".\security/alicrypto/sal/src\sal_sm2.obj"
-input=".\security/alicrypto/sal/src\sal_sm4.obj"
-input=".\security/ls_osa/src\ls_osa.obj"
-input=".\security/mbedtls/src\mbedtls_alt.obj"
-input=".\security/mbedtls/src\mbedtls_net.obj"
-input=".\security/mbedtls/src\mbedtls_ssl.obj"
-input=".\utility/activation\activation.obj"
-input=".\utility/activation/chip_code\chip_code.obj"
-input=".\utility/cjson\cJSON.obj"
-input=".\utility/libc/compilers/rx\rx_libc.obj"
-input=".\utility/libc\newlib_stub.obj"
-library=".\RTB_ALIOS210.lib"
-start=SU,SI,B_1,R_1,B_2,R_2,B,R,RPFRAM,RPFRAM2/04,PResetPRG,C_1,C_2,C,C$*,D*,W*,L,PIntPRG,P,PFRAM,PFRAM2/0FFF00000,EXCEPTVECT/0FFFFFF80,RESETVECT/0FFFFFFFC
-output=RTB_ALIOS210.abs
-form=absolute
-nomessage
-list=RTB_ALIOS210.map
-show=symbol,total_size
-nooptimize
-rom=D=R,D_1=R_1,D_2=R_2,PFRAM=RPFRAM,PFRAM2=RPFRAM2
-stack
-nologo

*** Error information ***

W0561100:Cannot find "PResetPRG" specified in option "start"

*** Mapping List ***

SECTION                            START      END         SIZE   ALIGN
SU
                                  00000004  00001003      1000   4
SI
                                  00001004  00001403       400   4
B_1
                                  00001404  000354cd     340ca   1
R_1
                                  000354ce  00035616       149   1
B_2
                                  00035618  0003561f         8   2
R_2
                                  00035620  00035623         4   2
B
                                  00035624  0003caa7      7484   4
R
                                  0003caa8  0003d5eb       b44   4
RPFRAM
                                  0003d5ec  0003e8a9      12be   1
RPFRAM2
                                  0003e8aa  0003e9b2       109   1
$ADDR_C_FE7F5D00
                                  fe7f5d00  fe7f5d0b         c   1
$ADDR_C_FE7F5D10
                                  fe7f5d10  fe7f5d13         4   1
$ADDR_C_FE7F5D40
                                  fe7f5d40  fe7f5d43         4   1
$ADDR_C_FE7F5D48
                                  fe7f5d48  fe7f5d4b         4   1
$ADDR_C_FE7F5D50
                                  fe7f5d50  fe7f5d5f        10   1
$ADDR_C_FE7F5D64
                                  fe7f5d64  fe7f5d67         4   1
$ADDR_C_FE7F5D70
                                  fe7f5d70  fe7f5d73         4   1
C_1
                                  fff00000  fff00a2b       a2c   1
C_2
                                  fff00a2c  fff00e8b       460   2
C
                                  fff00e8c  fff0268b      1800   4
C$DSEC
                                  fff0268c  fff026af        24   4
C$BSEC
                                  fff026b0  fff026c7        18   4
C$INIT
                                  fff026c8  fff026c8         0   1
C$VECT
                                  fff026c8  fff02ac7       400   4
C$VTBL
                                  fff02ac8  fff02ac8         0   1
D_1
                                  fff02ac8  fff02c10       149   1
D
                                  fff02c14  fff03757       b44   4
D_2
                                  fff03758  fff0375b         4   2
W
                                  fff0375c  fff0375c         0   4
W_1
                                  fff0375c  fff03767         c   1
W_2
                                  fff03768  fff037bd        56   2
L
                                  fff037c0  fff0c183      89c4   4
PIntPRG
                                  fff0c184  fff0c18f         c   1
P
                                  fff0c190  fff6298b     567fc   1
PFRAM
                                  fff6298c  fff63c49      12be   1
PFRAM2
                                  fff63c4a  fff63d52       109   1
EXCEPTVECT
                                  ffffff80  fffffffb        7c   4
RESETVECT
                                  fffffffc  ffffffff         4   4

*** Total Section Size ***

RAMDATA SECTION:  0003e9ae Byte(s)
ROMDATA SECTION:  0000c22f Byte(s)
PROGRAM SECTION:  00057bcf Byte(s)

*** Symbol List ***

SECTION=
FILE=                               START        END    SIZE
  SYMBOL                            ADDR        SIZE    INFO      COUNTS  OPT

SECTION=SU
FILE=.\platform\mcu\r5f565ne\hal\r_bsp_v3.60\r_bsp\board\generic_rx65n\resetprg.obj
                                  00000004  00001003      1000

SECTION=SI
FILE=.\platform\mcu\r5f565ne\hal\r_bsp_v3.60\r_bsp\board\generic_rx65n\resetprg.obj
                                  00001004  00001403       400

SECTION=B_1
FILE=.\board\r5f565ne-rtbrx65n\test_r5f.obj
                                  00001404  00001499        96
  _queue_buf
                                  00001404        32   data ,l         * 
  _queue_buf_recv
                                  00001436        64   data ,l         * 
FILE=.\drivers\sal\wifi\mk3060\mk3060.obj
                                  0000149a  000014a9        10
  _localipaddr
                                  0000149a        10   data ,l         * 
FILE=.\kernel\rhino\k_obj.obj
                                  000014aa  000014ac         3
  _g_idle_task_spawned
                                  000014aa         1   data ,g         * 
  _g_sched_lock
                                  000014ab         1   data ,g         * 
  _g_intrpt_nested_level
                                  000014ac         1   data ,g         * 
FILE=.\middleware\linkkit\sdk-c\src\ref-impl\hal\os\alios\HAL_PRODUCT_rhino.obj
                                  000014ad  00001564        b8
  __product_key
                                  000014ad        15   data ,g         * 
  __product_secret
                                  000014c2        41   data ,g         * 
  __device_name
                                  00001503        21   data ,g         * 
  __device_secret
                                  00001524        41   data ,g         * 
FILE=.\middleware\linkkit\sdk-c\src\services\mdal\sal\src\ip4_addr.obj
                                  00001565  00001574        10
  _str$1
                                  00001565        10   data ,l         * 
FILE=.\middleware\linkkit\sdk-c\src\services\mdal\sal\src\sal_sockets.obj
                                  00001575  00001675       101
  _s_hostname$8
                                  00001575       101   data ,l         * 
FILE=.\platform\mcu\r5f565ne\aos\soc_impl.obj
                                  00001676  00026675     25000
  _HeapStart
                                  00001676     25000   data ,g         * 
FILE=.\platform\mcu\r5f565ne\flash\flash_port.obj
                                  00026676  00026ef6       881
  _DF_Program_buf
                                  00026676       800   data ,l         * 
  _g_flash_pgae_buf
                                  00026e76        80   data ,g         * 
  _g_buf_size
                                  00026ef6         1   data ,g         * 
FILE=.\platform\mcu\r5f565ne\hal\r_bsp_v3.60\r_bsp\board\generic_rx65n\lowsrc.obj
                                  00026ef7  00026f1e        28
  _flmod
                                  00026ef7        14   data ,g         * 
  _sml_buf
                                  00026f0b        14   data ,g         * 
FILE=.\platform\mcu\r5f565ne\hal\r_sci_rx_v2.00\src\r_sci_rx.obj
                                  00026f1f  000350be      e1a0
  _ch0_tx_buf
                                  00026f1f        50   data ,l         * 
  _ch0_rx_buf
                                  00026f6f        50   data ,l         * 
  _ch1_tx_buf
                                  00026fbf      4e20   data ,l         * 
  _ch1_rx_buf
                                  0002bddf      4e20   data ,l         * 
  _ch2_tx_buf
                                  00030bff      1f40   data ,l         * 
  _ch2_rx_buf
                                  00032b3f        50   data ,l         * 
  _ch3_tx_buf
                                  00032b8f        50   data ,l         * 
  _ch3_rx_buf
                                  00032bdf        50   data ,l         * 
  _ch4_tx_buf
                                  00032c2f        50   data ,l         * 
  _ch4_rx_buf
                                  00032c7f        50   data ,l         * 
  _ch5_tx_buf
                                  00032ccf      1f40   data ,l         * 
  _ch5_rx_buf
                                  00034c0f        50   data ,l         * 
  _ch6_tx_buf
                                  00034c5f        50   data ,l         * 
  _ch6_rx_buf
                                  00034caf        50   data ,l         * 
  _ch7_tx_buf
                                  00034cff        50   data ,l         * 
  _ch7_rx_buf
                                  00034d4f        50   data ,l         * 
  _ch8_tx_buf
                                  00034d9f        50   data ,l         * 
  _ch8_rx_buf
                                  00034def        50   data ,l         * 
  _ch9_tx_buf
                                  00034e3f        50   data ,l         * 
  _ch9_rx_buf
                                  00034e8f        50   data ,l         * 
  _ch10_tx_buf
                                  00034edf        50   data ,l         * 
  _ch10_rx_buf
                                  00034f2f        50   data ,l         * 
  _ch11_tx_buf
                                  00034f7f        50   data ,l         * 
  _ch11_rx_buf
                                  00034fcf        50   data ,l         * 
  _ch12_tx_buf
                                  0003501f        50   data ,l         * 
  _ch12_rx_buf
                                  0003506f        50   data ,l         * 
FILE=.\security\alicrypto\core\src\aes.obj
                                  000350bf  000352be       200
  _FSb
                                  000350bf       100   data ,l         * 
  _RSb
                                  000351bf       100   data ,l         * 
FILE=.\utility\cjson\cJSON.obj
                                  000352bf  000352cd         f
  _version$1
                                  000352bf         f   data ,l         * 
FILE=aes
                                  000352ce  000354cd       200
  _FSb
                                  000352ce       100   data ,l         * 
  _RSb
                                  000353ce       100   data ,l         * 

SECTION=R_1
FILE=.\app\example\mqttapp\app_entry.obj
                                  000354ce  000354ce         1
  _linkkit_started
                                  000354ce         1   data ,l         * 
FILE=.\board\r5f565ne-rtbrx65n\test_r5f.obj
                                  000354cf  000354d8         a
  _testdata
                                  000354cf         a   data ,g         * 
FILE=.\drivers\sal\wifi\mk3060\mk3060.obj
                                  000354d9  000354d9         1
  _inited
                                  000354d9         1   data ,l         * 
FILE=.\kernel\cli\cli.obj
                                  000354da  0003551a        41
  _g_cli_tag
                                  000354da        40   data ,l         * 
  _g_cli_tag_len
                                  0003551a         1   data ,l         * 
FILE=.\kernel\fs\vfs\vfs.obj
                                  0003551b  0003551b         1
  _g_vfs_init
                                  0003551b         1   data ,l         * 
FILE=.\middleware\linkkit\sdk-c\src\infra\log\iotx_log.obj
                                  0003551c  0003551c         1
  _stop_filter_level
                                  0003551c         1   data ,l         * 
FILE=.\middleware\linkkit\sdk-c\src\infra\system\guider.obj
                                  0003551d  00035594        78
  _iotx_domain_custom
                                  0003551d        78   data ,g         * 
FILE=.\middleware\uagent\ulog\log.obj
                                  00035595  0003559d         9
  _serverity_name
                                  00035595         8   data ,l         * 
  _stop_filter_level
                                  0003559d         1   data ,l         * 
FILE=.\middleware\uagent\ulog\ulog_init.obj
                                  0003559e  0003559e         1
  _log_init
                                  0003559e         1   data ,g         * 
FILE=.\network\nal\atparser\atparser.obj
                                  0003559f  0003559f         1
  _inited
                                  0003559f         1   data ,l         * 
FILE=.\network\netmgr\interfaces\netmgr_wifi.obj
                                  000355a0  000355a0         1
  _g_station_is_up
                                  000355a0         1   data ,l         * 
FILE=.\platform\mcu\r5f565ne\hal\r_byteq_v1.60\r_byteq\src\r_byteq.obj
                                  000355a1  000355a1         1
  _qcb_init$1
                                  000355a1         1   data ,l         * 
FILE=xfiles
                                  000355a2  000355f1        50
  _ebuf
                                  000355a2        50   data ,l         * 
FILE=pkparse
                                  000355f2  000355fa         9
  _CRT_OID_PKCS1_RSA
                                  000355f2         9   data ,l         * 
FILE=x509
                                  000355fb  00035615        1b
  _CRT_OID_PKCS1_MD5
                                  000355fb         9   data ,l         * 
  _CRT_OID_PKCS1_SHA1
                                  00035604         9   data ,l         * 
  _CRT_OID_PKCS1_SHA256
                                  0003560d         9   data ,l         * 
FILE=xstate
                                  00035616  00035616         1
  __Mbcurmax
                                  00035616         1   data ,g         * 

SECTION=B_2
FILE=.\platform\mcu\r5f565ne\hal\r_bsp_v3.60\r_bsp\mcu\rx65n\cpu.obj
                                  00035618  0003561f         8
  _g_protect_counters
                                  00035618         8   data ,l         * 

SECTION=R_2
FILE=.\middleware\linkkit\sdk-c\src\services\mdal\sal\src\sal_sockets.obj
                                  00035620  00035623         4
  _tcp_port$1
                                  00035620         2   data ,l         * 
  _udp_port$2
                                  00035622         2   data ,l         * 

SECTION=B
FILE=.\app\example\mqttapp\app_entry.obj
                                  00035624  0003562b         8
  _entry_paras
                                  00035624         8   data ,l         * 
FILE=.\app\example\mqttapp\mqtt_example.obj
                                  0003562c  00035633         8
  _user_argc
                                  0003562c         4   data ,l         * 
  _user_argv
                                  00035630         4   data ,l         * 
FILE=.\board\r5f565ne-rtbrx65n\test_r5f.obj
                                  00035634  00035e8b       858
  _g_init_task
                                  00035634         4   data ,g         * 
  _kinit
                                  00035638         c   data ,l         * 
  _demo_task_obj1
                                  00035644        7c   data ,l         * 
  _demo_task_obj2
                                  000356c0        7c   data ,l         * 
  _demo_task_buf1
                                  0003573c       320   data ,l         * 
  _demo_task_buf2
                                  00035a5c       320   data ,l         * 
  _tst_cnt
                                  00035d7c         4   data ,l         * 
  _tmr_cnt
                                  00035d80         4   data ,l         * 
  _sem_tst
                                  00035d84        28   data ,g         * 
  _timer_test
                                  00035dac        44   data ,l         * 
  _queue_test
                                  00035df0        50   data ,l         * 
  _queue_recv_size
                                  00035e40         4   data ,l         * 
  _console
                                  00035e44        20   data ,g         * 
  _uart_0
                                  00035e64        20   data ,g         * 
  _my_sci_err
                                  00035e84         4   data ,g         * 
  _g_my_sci_handle
                                  00035e88         4   data ,g         * 
FILE=.\drivers\sal\wifi\mk3060\mk3060.obj
                                  00035e8c  00035ecf        44
  _g_link
                                  00035e8c        3c   data ,l         * 
  _g_link_mutex
                                  00035ec8         4   data ,l         * 
  _g_netconn_data_input_cb
                                  00035ecc         4   data ,l         * 
FILE=.\kernel\cli\cli.obj
                                  00035ed0  00035fcf       100
  _argvall$1
                                  00035ed0       100   data ,l         * 
FILE=.\kernel\fs\kv\kv.obj
                                  00035fd0  00035fe7        18
  _g_kv_mgr
                                  00035fd0        18   data ,g         * 
FILE=.\kernel\fs\vfs\vfs_file.obj
                                  00035fe8  0003623f       258
  _g_files
                                  00035fe8       258   data ,l         * 
FILE=.\kernel\fs\vfs\vfs_inode.obj
                                  00036240  00036433       1f4
  _g_vfs_nodes
                                  00036240       1f4   data ,l         * 
FILE=.\kernel\rhino\k_obj.obj
                                  00036434  000380a3      1c70
  _g_sys_stat
                                  00036434         4   data ,g         * 
  _g_ready_queue
                                  00036438       104   data ,g         * 
  _g_preferred_ready_task
                                  0003653c         4   data ,g         * 
  _g_active_task
                                  00036540         4   data ,g         * 
  _g_idle_task
                                  00036544        7c   data ,g         * 
  _g_idle_count
                                  000365c0         8   data ,g         * 
  _g_idle_task_stack
                                  000365c8       190   data ,g         * 
  _g_tick_count
                                  00036758         8   data ,g         * 
  _g_tick_head
                                  00036760         8   data ,g         * 
  _g_kobj_list
                                  00036768        30   data ,g         * 
  _g_timer_head
                                  00036798         8   data ,g         * 
  _g_timer_count
                                  000367a0         8   data ,g         * 
  _g_timer_task
                                  000367a8        7c   data ,g         * 
  _g_timer_task_stack
                                  00036824       4b0   data ,g         * 
  _g_timer_queue
                                  00036cd4        50   data ,g         * 
  _timer_queue_cb
                                  00036d24       1e0   data ,g         * 
  _g_res_sem
                                  00036f04        28   data ,g         * 
  _g_res_list
                                  00036f2c         8   data ,g         * 
  _g_dyn_task
                                  00036f34        7c   data ,g         * 
  _g_dyn_task_stack
                                  00036fb0       400   data ,g         * 
  _g_workqueue_list_head
                                  000373b0         8   data ,g         * 
  _g_workqueue_mutex
                                  000373b8        2c   data ,g         * 
  _g_workqueue_default
                                  000373e4        bc   data ,g         * 
  _g_workqueue_stack
                                  000374a0       c00   data ,g         * 
  _g_kmm_head
                                  000380a0         4   data ,g         * 
FILE=.\middleware\linkkit\sdk-c\src\protocol\mqtt\MQTTPacket\MQTTPacket.obj
                                  000380a4  000380a7         4
  _bufptr
                                  000380a4         4   data ,l         * 
FILE=.\middleware\linkkit\sdk-c\src\protocol\mqtt\client\mqtt_client.obj
                                  000380a8  000380ab         4
  __in_yield_cb
                                  000380a8         4   data ,l         * 
FILE=.\middleware\linkkit\sdk-c\src\services\mdal\sal\src\sal_arch_aos.obj
                                  000380ac  000380af         4
  _sal_arch_mutex
                                  000380ac         4   data ,l         * 
FILE=.\middleware\linkkit\sdk-c\src\services\mdal\sal\src\sal_sockets.obj
                                  000380b0  000381d3       124
  _sockets
                                  000380b0        64   data ,l         * 
  _events
                                  00038114        78   data ,l         * 
  _select_cb_list
                                  0003818c         4   data ,l         * 
  _select_cb_ctr
                                  00038190         4   data ,l         * 
  _sal_udp_pcbs
                                  00038194         4   data ,g         * 
  _sal_tcp_pcbs
                                  00038198         4   data ,g         * 
  _lock_sal_core
                                  0003819c         4   data ,g         * 
  _s_hostent$4
                                  000381a0        14   data ,l         * 
  _s_aliases$5
                                  000381b4         4   data ,l         * 
  _s_hostent_addr$6
                                  000381b8        14   data ,l         * 
  _s_phostent_addr$7
                                  000381cc         8   data ,l         * 
FILE=.\middleware\uagent\ulog\log.obj
                                  000381d4  000381d7         4
  _log_mutex
                                  000381d4         4   data ,l         * 
FILE=.\network\nal\atparser\atparser.obj
                                  000381d8  000382bf        e8
  _at_uart
                                  000381d8        20   data ,l         * 
  _at
                                  000381f8        c8   data ,l         * 
FILE=.\network\netmgr\interfaces\netmgr_wifi.obj
                                  000382c0  000383bb        fc
  _g_alink_smartconfig
                                  000382c0        14   data ,g         * 
  _g_netmgr_cxt
                                  000382d4        e8   data ,l         * 
FILE=.\network\yloop\hal\loop_hal_alios.obj
                                  000383bc  000383bf         4
  _used_bitmap
                                  000383bc         4   data ,l         * 
FILE=.\network\yloop\src\device.obj
                                  000383c0  000383c3         4
  _inited
                                  000383c0         4   data ,l         * 
FILE=.\network\yloop\src\yloop.obj
                                  000383c4  000383c7         4
  _g_loop_key
                                  000383c4         4   data ,l         * 
FILE=.\osal\aos\rhino.obj
                                  000383c8  000383cb         4
  _used_bitmap
                                  000383c8         4   data ,l         * 
FILE=.\platform\mcu\r5f565ne\hal\r_bsp_v3.60\r_bsp\board\generic_rx65n\lowsrc.obj
                                  000383cc  0003841b        50
  __Files
                                  000383cc        50   data ,g         * 
FILE=.\platform\mcu\r5f565ne\hal\r_bsp_v3.60\r_bsp\board\generic_rx65n\sbrk.obj
                                  0003841c  0003881b       400
  _heap_area
                                  0003841c       400   data ,l         * 
FILE=.\platform\mcu\r5f565ne\hal\r_bsp_v3.60\r_bsp\mcu\rx65n\mcu_interrupts.obj
                                  0003881c  00038967       14c
  _g_bsp_vectors
                                  0003881c       14c   data ,l         * 
FILE=.\platform\mcu\r5f565ne\hal\r_byteq_v1.60\r_byteq\src\r_byteq.obj
                                  00038968  00038997        30
  _g_qcb
                                  00038968        30   data ,l         * 
FILE=.\platform\mcu\r5f565ne\hal\r_flash_rx_v3.20\r_flash_rx\src\r_flash_group.obj
                                  00038998  000389a7        10
  _flash_ready_isr_handler
                                  00038998         4   data ,g         * 
  _flash_error_isr_handler
                                  0003899c         4   data ,g         * 
  _g_flash_int_ready_cb_args
                                  000389a0         4   data ,g         * 
  _g_flash_int_error_cb_args
                                  000389a4         4   data ,g         * 
FILE=.\platform\mcu\r5f565ne\hal\r_flash_rx_v3.20\r_flash_rx\src\r_flash_rx.obj
                                  000389a8  000389ab         4
  _g_flash_lock
                                  000389a8         4   data ,g         * 
FILE=.\platform\mcu\r5f565ne\uart\uart.obj
                                  000389ac  00038a13        68
  _uart_drv
                                  000389ac        68   data ,g         * 
FILE=.\security\alicrypto\core\src\aes.obj
                                  00038a14  0003aa3b      2028
  _FT0
                                  00038a14       400   data ,l         * 
  _FT1
                                  00038e14       400   data ,l         * 
  _FT2
                                  00039214       400   data ,l         * 
  _FT3
                                  00039614       400   data ,l         * 
  _RT0
                                  00039a14       400   data ,l         * 
  _RT1
                                  00039e14       400   data ,l         * 
  _RT2
                                  0003a214       400   data ,l         * 
  _RT3
                                  0003a614       400   data ,l         * 
  _RCON
                                  0003aa14        28   data ,l         * 
FILE=.\utility\libc\compilers\rx\rx_libc.obj
                                  0003aa3c  0003aa3f         4
  __errno
                                  0003aa3c         4   data ,g         * 
FILE=threading
                                  0003aa40  0003aa4f        10
  _mbedtls_threading_readdir_mutex
                                  0003aa40         8   data ,g         * 
  _mbedtls_threading_gmtime_mutex
                                  0003aa48         8   data ,g         * 
FILE=ssl_ciphersuites
                                  0003aa50  0003aa63        14
  _supported_ciphersuites
                                  0003aa50        14   data ,l         * 
FILE=aes
                                  0003aa64  0003ca8b      2028
  _FT0
                                  0003aa64       400   data ,l         * 
  _FT1
                                  0003ae64       400   data ,l         * 
  _FT2
                                  0003b264       400   data ,l         * 
  _FT3
                                  0003b664       400   data ,l         * 
  _RT0
                                  0003ba64       400   data ,l         * 
  _RT1
                                  0003be64       400   data ,l         * 
  _RT2
                                  0003c264       400   data ,l         * 
  _RT3
                                  0003c664       400   data ,l         * 
  _RCON
                                  0003ca64        28   data ,l         * 
FILE=cipher_wrap
                                  0003ca8c  0003caa7        1c
  _mbedtls_cipher_supported
                                  0003ca8c        1c   data ,g         * 

SECTION=R
FILE=.\app\example\mqttapp\mqtt_example.obj
                                  0003caa8  0003caaf         8
  _sub_counter
                                  0003caa8         4   data ,l         * 
  _pub_counter
                                  0003caac         4   data ,l         * 
FILE=.\board\r5f565ne-rtbrx65n\test_r5f.obj
                                  0003cab0  0003cabf        10
  _LightSwitch
                                  0003cab0         4   data ,g         * 
  _Temperature
                                  0003cab4         4   data ,g         * 
  _Humidity
                                  0003cab8         4   data ,g         * 
  _illumination
                                  0003cabc         4   data ,g         * 
FILE=.\drivers\sal\wifi\mk3060\mk3060.obj
                                  0003cac0  0003cad3        14
  _start_cmd_type_str
                                  0003cac0        14   data ,l         * 
FILE=.\drivers\sal\wifi\mk3060\wifi_atcmd.obj
                                  0003cad4  0003cb6f        9c
  _aos_wifi_module_mk3060
                                  0003cad4        9c   data ,g         * 
FILE=.\kernel\cli\cli.obj
                                  0003cb70  0003cb77         8
  _g_cli
                                  0003cb70         4   data ,l         * 
  _g_cli_exit
                                  0003cb74         4   data ,l         * 
FILE=.\kernel\fs\kv\kv_cli.obj
                                  0003cb78  0003cb83         c
  _kv_cmd
                                  0003cb78         c   data ,l         * 
FILE=.\kernel\fs\vfs\vfs.obj
                                  0003cb84  0003cb87         4
  _g_vfs_lock_ptr
                                  0003cb84         4   data ,l         * 
FILE=.\kernel\init\aos_init.obj
                                  0003cb88  0003cbab        24
  _tcpip_cli_cmd
                                  0003cb88         c   data ,g         * 
  _wifi_cli_cmd
                                  0003cb94        18   data ,g         * 
FILE=.\middleware\linkkit\sdk-c\src\infra\log\iotx_log.obj
                                  0003cbac  0003cbc7        1c
  _lvl_color
                                  0003cbac        1c   data ,g         * 
FILE=.\middleware\linkkit\sdk-c\src\infra\system\ca.obj
                                  0003cbc8  0003cbcb         4
  _iotx_ca_crt
                                  0003cbc8         4   data ,l         * 
FILE=.\middleware\linkkit\sdk-c\src\infra\system\guider.obj
                                  0003cbcc  0003cc1f        54
  _secmode_str
                                  0003cbcc        24   data ,g         * 
  _domain_http_auth
                                  0003cbf0        14   data ,g         * 
  _iotx_guider_region
                                  0003cc04         4   data ,l         * 
  _iotx_conn_info
                                  0003cc08        18   data ,l         * 
FILE=.\middleware\linkkit\sdk-c\src\infra\system\report.obj
                                  0003cc20  0003cc2b         c
  _g_report_id
                                  0003cc20         4   data ,l         * 
  _info_report_func
                                  0003cc24         4   data ,l         * 
  _DEVICE_INFO_UPDATE_FMT
                                  0003cc28         4   data ,g         * 
FILE=.\middleware\linkkit\sdk-c\src\infra\utils\misc\mem_stats.obj
                                  0003cc2c  0003cc33         8
  _mem_recs
                                  0003cc2c         8   data ,g         * 
FILE=.\middleware\linkkit\sdk-c\src\infra\utils\misc\utils_event.obj
                                  0003cc34  0003cc37         4
  _g_event_monitor
                                  0003cc34         4   data ,l         * 
FILE=.\middleware\linkkit\sdk-c\src\infra\utils\misc\utils_string.obj
                                  0003cc38  0003cc3f         8
  _zEncode$1
                                  0003cc38         8   data ,l         * 
FILE=.\middleware\linkkit\sdk-c\src\protocol\mqtt\client\mqtt_client.obj
                                  0003cc40  0003cc4f        10
  _g_mqtt_client
                                  0003cc40         4   data ,l         * 
  __mqtt_offline_subs_list
                                  0003cc44         4   data ,l         * 
  _g_mqtt_sub_list
                                  0003cc48         8   data ,l         * 
FILE=.\middleware\linkkit\sdk-c\src\ref-impl\hal\os\alios\HAL_OS_rhino.obj
                                  0003cc50  0003cc5f        10
  _data_list
                                  0003cc50         4   data ,l         * 
  _mutex
                                  0003cc54         4   data ,l         * 
  _delta_ms
                                  0003cc58         8   data ,l         * 
FILE=.\middleware\linkkit\sdk-c\src\ref-impl\hal\os\alios\HAL_TLS_mbedtls.obj
                                  0003cc60  0003cc6b         c
  _g_ssl_hooks
                                  0003cc60         8   data ,l         * 
  _net_status$1
                                  0003cc68         4   data ,l         * 
FILE=.\middleware\linkkit\sdk-c\src\sdk-impl\sdk-impl.obj
                                  0003cc6c  0003cc73         8
  _g_sdk_impl_ctx
                                  0003cc6c         8   data ,l         * 
FILE=.\middleware\linkkit\sdk-c\src\services\mdal\sal\src\sal_sockets.obj
                                  0003cc74  0003cc77         4
  _sal_init_done$3
                                  0003cc74         4   data ,l         * 
FILE=.\middleware\uagent\ulog\ulog_init.obj
                                  0003cc78  0003cc83         c
  _ulog_cmd
                                  0003cc78         c   data ,l         * 
FILE=.\network\netmgr\hal\wifi.obj
                                  0003cc84  0003cc8b         8
  _g_wifi_module
                                  0003cc84         8   data ,l         * 
FILE=.\network\netmgr\interfaces\netmgr_wifi.obj
                                  0003cc8c  0003cc97         c
  _ncmd
                                  0003cc8c         c   data ,l         * 
FILE=.\network\yloop\src\local_event.obj
                                  0003cc98  0003cca7        10
  _local_event
                                  0003cc98         8   data ,l         * 
  _g_local_event_list
                                  0003cca0         8   data ,l         * 
FILE=.\network\yloop\src\yloop.obj
                                  0003cca8  0003ccab         4
  _g_main_ctx
                                  0003cca8         4   data ,g         * 
FILE=.\osal\aos\common.obj
                                  0003ccac  0003ccaf         4
  _sysinfo_kernel_version
                                  0003ccac         4   data ,g         * 
FILE=.\platform\arch\rx600\rx65n\e2s\port_c.obj
                                  0003ccb0  0003ccb3         4
  _interpt_bound
                                  0003ccb0         4   data ,g         * 
FILE=.\platform\mcu\r5f565ne\aos\soc_impl.obj
                                  0003ccb4  0003ccc3        10
  _g_mm_region
                                  0003ccb4         8   data ,g         * 
  _g_region_num
                                  0003ccbc         4   data ,g         * 
  _g_err_proc
                                  0003ccc0         4   data ,g         * 
FILE=.\platform\mcu\r5f565ne\bsp_RTB\bsp_int_vect_tbl.obj
                                  0003ccc4  0003d0c3       400
  _BSP_IntVectTbl
                                  0003ccc4       400   data ,l         * 
FILE=.\platform\mcu\r5f565ne\hal\r_bsp_v3.60\r_bsp\board\generic_rx65n\lowsrc.obj
                                  0003d0c4  0003d0d7        14
  _env_list
                                  0003d0c4        10   data ,g         * 
  _environ
                                  0003d0d4         4   data ,g         * 
FILE=.\platform\mcu\r5f565ne\hal\r_bsp_v3.60\r_bsp\board\generic_rx65n\sbrk.obj
                                  0003d0d8  0003d0db         4
  _brk
                                  0003d0d8         4   data ,l         * 
FILE=.\platform\mcu\r5f565ne\hal\r_flash_rx_v3.20\r_flash_rx\src\r_flash_group.obj
                                  0003d0dc  0003d0fb        20
  _g_current_parameters
                                  0003d0dc        20   data ,g         * 
FILE=.\platform\mcu\r5f565ne\hal\r_flash_rx_v3.20\r_flash_rx\src\r_flash_rx.obj
                                  0003d0fc  0003d103         8
  _g_flash_state
                                  0003d0fc         4   data ,g         * 
  _g_pfcu_cmd_area
                                  0003d100         4   data ,g         * 
FILE=.\platform\mcu\r5f565ne\hal\r_sci_rx_v2.00\src\targets\rx65n\r_sci_rx65n_data.obj
                                  0003d104  0003d2a3       1a0
  _ch0_ctrl
                                  0003d104        20   data ,g         * 
  _ch1_ctrl
                                  0003d124        20   data ,g         * 
  _ch2_ctrl
                                  0003d144        20   data ,g         * 
  _ch3_ctrl
                                  0003d164        20   data ,g         * 
  _ch4_ctrl
                                  0003d184        20   data ,g         * 
  _ch5_ctrl
                                  0003d1a4        20   data ,g         * 
  _ch6_ctrl
                                  0003d1c4        20   data ,g         * 
  _ch7_ctrl
                                  0003d1e4        20   data ,g         * 
  _ch8_ctrl
                                  0003d204        20   data ,g         * 
  _ch9_ctrl
                                  0003d224        20   data ,g         * 
  _ch10_ctrl
                                  0003d244        20   data ,g         * 
  _ch11_ctrl
                                  0003d264        20   data ,g         * 
  _ch12_ctrl
                                  0003d284        20   data ,g         * 
FILE=.\security\alicrypto\core\src\aes.obj
                                  0003d2a4  0003d2a7         4
  _aes_init_done
                                  0003d2a4         4   data ,l         * 
FILE=.\security\alicrypto\sal\src\sal_rand.obj
                                  0003d2a8  0003d2ab         4
  _randseed
                                  0003d2a8         4   data ,l         * 
FILE=.\utility\activation\chip_code\chip_code.obj
                                  0003d2ac  0003d3ab       100
  _g_chip_codes
                                  0003d2ac       100   data ,g         * 
FILE=.\utility\cjson\cJSON.obj
                                  0003d3ac  0003d3bf        14
  _global_error
                                  0003d3ac         8   data ,l         * 
  _global_hooks
                                  0003d3b4         c   data ,l         * 
FILE=debug
                                  0003d3c0  0003d3c3         4
  _debug_threshold
                                  0003d3c0         4   data ,l         * 
FILE=ssl_tls
                                  0003d3c4  0003d3d3        10
  _ssl_preset_default_hashes
                                  0003d3c4        10   data ,l         * 
FILE=threading
                                  0003d3d4  0003d3e3        10
  _mbedtls_mutex_init
                                  0003d3d4         4   data ,g         * 
  _mbedtls_mutex_free
                                  0003d3d8         4   data ,g         * 
  _mbedtls_mutex_lock
                                  0003d3dc         4   data ,g         * 
  _mbedtls_mutex_unlock
                                  0003d3e0         4   data ,g         * 
FILE=xfiles
                                  0003d3e4  0003d4bb        d8
  __Stdin
                                  0003d3e4        48   data ,g         * 
  __Stdout
                                  0003d42c        48   data ,g         * 
  __Stderr
                                  0003d474        48   data ,g         * 
FILE=strtok
                                  0003d4bc  0003d4c3         8
  _ssave
                                  0003d4bc         4   data ,l         * 
  __Tls_setup_ssave
                                  0003d4c0         4   data ,l         * 
FILE=xtolotab
                                  0003d4c4  0003d4cb         8
  __Tolotab
                                  0003d4c4         4   data ,g         * 
  __Tls_setup__Tolotab
                                  0003d4c8         4   data ,g         * 
FILE=cipher
                                  0003d4cc  0003d4cf         4
  _supported_init
                                  0003d4cc         4   data ,l         * 
FILE=ssl_ciphersuites
                                  0003d4d0  0003d4d3         4
  _supported_init
                                  0003d4d0         4   data ,l         * 
FILE=xprintf
                                  0003d4d4  0003d4d7         4
  _stderr
                                  0003d4d4         4   data ,g         * 
FILE=_rnext
                                  0003d4d8  0003d4db         4
  __rnext
                                  0003d4d8         4   data ,g         * 
FILE=xfvalues
                                  0003d4dc  0003d553        78
  __FDenorm
                                  0003d4dc        10   data ,g         * 
  __FEps
                                  0003d4ec        10   data ,g         * 
  __FHugeval
                                  0003d4fc        10   data ,g         * 
  __FInf
                                  0003d50c        10   data ,g         * 
  __FNan
                                  0003d51c        10   data ,g         * 
  __FSnan
                                  0003d52c        10   data ,g         * 
  __FRteps
                                  0003d53c        10   data ,g         * 
  __FXbig
                                  0003d54c         4   data ,g         * 
  __FZero
                                  0003d550         4   data ,g         * 
FILE=aes
                                  0003d554  0003d557         4
  _aes_init_done
                                  0003d554         4   data ,l         * 
FILE=xctype
                                  0003d558  0003d55f         8
  __Ctype
                                  0003d558         4   data ,g         * 
  __Tls_setup__Ctype
                                  0003d55c         4   data ,g         * 
FILE=xstate
                                  0003d560  0003d5a7        48
  __Tls_setup__Mbcurmax
                                  0003d560         4   data ,g         * 
  __Mbstate
                                  0003d564        40   data ,g         * 
  __Tls_setup__Mbstate
                                  0003d5a4         4   data ,g         * 
FILE=xwcstate
                                  0003d5a8  0003d5eb        44
  __Wcstate
                                  0003d5a8        40   data ,g         * 
  __Tls_setup__Wcstate
                                  0003d5e8         4   data ,g         * 

SECTION=RPFRAM
FILE=.\platform\mcu\r5f565ne\hal\r_flash_rx_v3.20\r_flash_rx\src\flash_type_4\r_flash_type4.obj
                                  0003d5ec  0003d8a6       2bb
  _get_cmdlk_err
                                  0003d5ec        7e   func ,g         * 
  _R_CF_GetCurrentStartupArea
                                  0003d66a        15   func ,g         * 
  _R_CF_ToggleStartupArea
                                  0003d67f        32   func ,g         * 
  _R_CF_GetCurrentSwapState
                                  0003d6b1        13   func ,g         * 
  _R_CF_SetCurrentSwapState
                                  0003d6c4        67   func ,g         * 
  _R_CF_SetAccessWindow
                                  0003d72b        53   func ,g         * 
  _flash_write_faw_reg
                                  0003d77e        f4   func ,l         * 
  _R_CF_GetAccessWindow
                                  0003d872        35   func ,g         * 
FILE=.\platform\mcu\r5f565ne\hal\r_flash_rx_v3.20\r_flash_rx\src\r_flash_fcu.obj
                                  0003d8a7  0003dcfe       458
  _flash_reset
                                  0003d8a7        5d   func ,g         * 
  _flash_stop
                                  0003d904        3a   func ,g         * 
  _flash_pe_mode_enter
                                  0003d93e        6c   func ,g         * 
  _flash_pe_mode_exit
                                  0003d9aa        31   func ,g         * 
  _flash_wait_frdy
                                  0003d9db        46   func ,g         * 
  _flash_get_status
                                  0003da21        1a   func ,g         * 
  _flash_erase
                                  0003da3b       11c   func ,g         * 
  _flash_blankcheck
                                  0003db57        73   func ,g         * 
  _flash_write
                                  0003dbca       135   func ,g         * 
FILE=.\platform\mcu\r5f565ne\hal\r_flash_rx_v3.20\r_flash_rx\src\r_flash_group.obj
                                  0003dcff  0003e7e1       ae3
  _r_flash_erase
                                  0003dcff        c5   func ,g         * 
  _get_erase_flash_type
                                  0003ddc4        bb   func ,l         * 
  _is_cf_addr
                                  0003de7f        54   func ,l         * 
  _is_cf_overflow
                                  0003ded3        62   func ,l         * 
  _get_cf_addr_info
                                  0003df35        5e   func ,l         * 
  _check_cf_block_total
                                  0003df93        6f   func ,g         * 
  _set_erase_params
                                  0003e002        9b   func ,l         * 
  _r_flash_blankcheck
                                  0003e09d        d3   func ,g         * 
  _set_blankcheck_params
                                  0003e170        9c   func ,l         * 
  _r_flash_write
                                  0003e20c        c9   func ,g         * 
  _get_bc_pgm_flash_type
                                  0003e2d5        fe   func ,l         * 
  _set_write_params
                                  0003e3d3        ae   func ,l         * 
  _r_flash_control
                                  0003e481       361   func ,g         * 
FILE=.\platform\mcu\r5f565ne\hal\r_flash_rx_v3.20\r_flash_rx\src\r_flash_rx.obj
                                  0003e7e2  0003e8a9        c8
  _R_FLASH_Erase
                                  0003e7e2        10   func ,g         * 
  _R_FLASH_BlankCheck
                                  0003e7f2        15   func ,g         * 
  _R_FLASH_Write
                                  0003e807        15   func ,g         * 
  _R_FLASH_Control
                                  0003e81c        10   func ,g         * 
  _R_FLASH_GetVersion
                                  0003e82c         e   func ,g         * 
  _flash_lock_state
                                  0003e83a        27   func ,g         * 
  _flash_release_state
                                  0003e861        13   func ,g         * 
  _flash_softwareLock
                                  0003e874        26   func ,g         * 
  _flash_softwareUnlock
                                  0003e89a        10   func ,g         * 

SECTION=RPFRAM2
FILE=.\platform\mcu\r5f565ne\hal\r_flash_rx_v3.20\r_flash_rx\src\flash_type_4\r_flash_type4.obj
                                  0003e8aa  0003e9b2       109
  _flash_toggle_banksel_reg
                                  0003e8aa       109   func ,g         * 

SECTION=$ADDR_C_FE7F5D00
FILE=.\platform\mcu\r5f565ne\bsp_RTB\bsp_vect_tbl.obj
                                  fe7f5d00  fe7f5d0b         c
  ___MDEreg
                                  fe7f5d00         4   data ,g         * 
  ___OFS0reg
                                  fe7f5d04         4   data ,g         * 
  ___OFS1reg
                                  fe7f5d08         4   data ,g         * 

SECTION=$ADDR_C_FE7F5D10
FILE=.\platform\mcu\r5f565ne\bsp_RTB\bsp_vect_tbl.obj
                                  fe7f5d10  fe7f5d13         4
  ___TMINFreg
                                  fe7f5d10         4   data ,g         * 

SECTION=$ADDR_C_FE7F5D40
FILE=.\platform\mcu\r5f565ne\bsp_RTB\bsp_vect_tbl.obj
                                  fe7f5d40  fe7f5d43         4
  ___SPCCreg
                                  fe7f5d40         4   data ,g         * 

SECTION=$ADDR_C_FE7F5D48
FILE=.\platform\mcu\r5f565ne\bsp_RTB\bsp_vect_tbl.obj
                                  fe7f5d48  fe7f5d4b         4
  ___TMEFreg
                                  fe7f5d48         4   data ,g         * 

SECTION=$ADDR_C_FE7F5D50
FILE=.\platform\mcu\r5f565ne\bsp_RTB\bsp_vect_tbl.obj
                                  fe7f5d50  fe7f5d5f        10
  ___OSISreg
                                  fe7f5d50        10   data ,g         * 

SECTION=$ADDR_C_FE7F5D64
FILE=.\platform\mcu\r5f565ne\bsp_RTB\bsp_vect_tbl.obj
                                  fe7f5d64  fe7f5d67         4
  ___FAWreg
                                  fe7f5d64         4   data ,g         * 

SECTION=$ADDR_C_FE7F5D70
FILE=.\platform\mcu\r5f565ne\bsp_RTB\bsp_vect_tbl.obj
                                  fe7f5d70  fe7f5d73         4
  ___RCPreg
                                  fe7f5d70         4   data ,g         * 

SECTION=C_1
FILE=.\app\example\mqttapp\mqtt_example.obj
                                  fff00000  fff0004c        4d
  ___T1000000$1
                                  fff00000         d   data ,l         * 
  ___T1000001$2
                                  fff0000d        15   data ,l         * 
  ___T1000002$3
                                  fff00022        12   data ,l         * 
  ___T1000003$4
                                  fff00034         c   data ,l         * 
  ___T1000004$5
                                  fff00040         d   data ,l         * 
FILE=.\drivers\sal\wifi\mk3060\mk3060.obj
                                  fff0004d  fff000f6        aa
  ___T1000000$1
                                  fff0004d        13   data ,l         * 
  ___T1000001$2
                                  fff00060        1a   data ,l         * 
  ___T1000002$3
                                  fff0007a        12   data ,l         * 
  ___T1000003$4
                                  fff0008c        15   data ,l         * 
  ___T1000004$5
                                  fff000a1         d   data ,l         * 
  ___T1000005$6
                                  fff000ae         e   data ,l         * 
  ___T1000006$7
                                  fff000bc         d   data ,l         * 
  ___T1000007$8
                                  fff000c9         d   data ,l         * 
  ___T1000008$9
                                  fff000d6        13   data ,l         * 
  ___T1000009$10
                                  fff000e9         e   data ,l         * 
FILE=.\drivers\sal\wifi\mk3060\wifi_atcmd.obj
                                  fff000f7  fff0012b        35
  ___T1000000$1
                                  fff000f7         e   data ,l         * 
  ___T1000001$2
                                  fff00105         e   data ,l         * 
  ___T1000002$3
                                  fff00113         c   data ,l         * 
  ___T1000003$4
                                  fff0011f         d   data ,l         * 
FILE=.\kernel\fs\kv\kv.obj
                                  fff0012c  fff0012d         2
  _KV_BLOCK_MAGIC_NUM
                                  fff0012c         1   data ,l         * 
  _KV_ITEM_MAGIC_NUM
                                  fff0012d         1   data ,l         * 
FILE=.\middleware\linkkit\sdk-c\src\infra\system\guider.obj
                                  fff0012e  fff001c5        98
  ___T1000000$1
                                  fff0012e        15   data ,l         * 
  ___T1000001$2
                                  fff00143         f   data ,l         * 
  ___T1000002$3
                                  fff00152        12   data ,l         * 
  ___T1000003$4
                                  fff00164        17   data ,l         * 
  ___T1000004$5
                                  fff0017b        18   data ,l         * 
  ___T1000005$6
                                  fff00193        1a   data ,l         * 
  ___T1000006$7
                                  fff001ad        19   data ,l         * 
FILE=.\middleware\linkkit\sdk-c\src\infra\utils\digest\utils_md5.obj
                                  fff001c6  fff00205        40
  _iot_md5_padding
                                  fff001c6        40   data ,l         * 
FILE=.\middleware\linkkit\sdk-c\src\infra\utils\digest\utils_sha1.obj
                                  fff00206  fff00245        40
  _iot_sha1_padding
                                  fff00206        40   data ,l         * 
FILE=.\middleware\linkkit\sdk-c\src\infra\utils\digest\utils_sha256.obj
                                  fff00246  fff00285        40
  _sha256_padding
                                  fff00246        40   data ,l         * 
FILE=.\middleware\linkkit\sdk-c\src\ref-impl\hal\os\alios\HAL_OS_rhino.obj
                                  fff00286  fff002c8        43
  ___T1000000$1
                                  fff00286         d   data ,l         * 
  ___T1000001$2
                                  fff00293        10   data ,l         * 
  ___T1000002$3
                                  fff002a3         d   data ,l         * 
  ___T1000003$4
                                  fff002b0         9   data ,l         * 
  ___T1000004$5
                                  fff002b9        10   data ,l         * 
FILE=.\middleware\linkkit\sdk-c\src\ref-impl\hal\os\alios\HAL_TCP_rhino.obj
                                  fff002c9  fff00305        3d
  ___T1000000$1
                                  fff002c9        12   data ,l         * 
  ___T1000001$2
                                  fff002db        10   data ,l         * 
  ___T1000002$3
                                  fff002eb         e   data ,l         * 
  ___T1000003$4
                                  fff002f9         d   data ,l         * 
FILE=.\middleware\uagent\ulog\log.obj
                                  fff00306  fff00307         2
  _UNKNOWN_BUF
                                  fff00306         2   data ,g         * 
FILE=.\network\nal\atparser\atparser.obj
                                  fff00308  fff00355        4e
  ___T1000000$1
                                  fff00308        13   data ,l         * 
  ___T1000001$2
                                  fff0031b        13   data ,l         * 
  ___T1000002$3
                                  fff0032e        13   data ,l         * 
  ___T1000003$4
                                  fff00341        15   data ,l         * 
FILE=.\network\netmgr\interfaces\netmgr_wifi.obj
                                  fff00356  fff00368        13
  ___T1000000$1
                                  fff00356        13   data ,l         * 
FILE=.\security\alicrypto\core\src\md5.obj
                                  fff00369  fff003a8        40
  _md5_padding
                                  fff00369        40   data ,l         * 
FILE=.\security\alicrypto\core\src\sha1.obj
                                  fff003a9  fff003e8        40
  _sha1_padding
                                  fff003a9        40   data ,l         * 
FILE=.\security\alicrypto\core\src\sha256.obj
                                  fff003e9  fff00428        40
  _sha256_padding
                                  fff003e9        40   data ,l         * 
FILE=.\security\mbedtls\src\mbedtls_alt.obj
                                  fff00429  fff004ce        a6
  ___T1000000$1
                                  fff00429        1b   data ,l         * 
  ___T1000001$2
                                  fff00444        1b   data ,l         * 
  ___T1000002$3
                                  fff0045f        1a   data ,l         * 
  ___T1000003$4
                                  fff00479        1a   data ,l         * 
  ___T1000004$5
                                  fff00493         f   data ,l         * 
  ___T1000005$6
                                  fff004a2         d   data ,l         * 
  ___T1000006$7
                                  fff004af        10   data ,l         * 
  ___T1000007$8
                                  fff004bf        10   data ,l         * 
FILE=.\security\mbedtls\src\mbedtls_net.obj
                                  fff004cf  fff00504        36
  ___T1000000$1
                                  fff004cf        14   data ,l         * 
  ___T1000001$2
                                  fff004e3        11   data ,l         * 
  ___T1000002$3
                                  fff004f4        11   data ,l         * 
FILE=sha256
                                  fff00505  fff00544        40
  _sha256_padding
                                  fff00505        40   data ,l         * 
FILE=xprintf
                                  fff00545  fff0054e         a
  _fchar$1
                                  fff00545         a   data ,l         * 
FILE=xscanf
                                  fff0054f  fff00554         6
  _fchar$1
                                  fff0054f         6   data ,l         * 
FILE=_ctype
                                  fff00555  fff00654       100
  __ctype
                                  fff00555       100   data ,g         * 
FILE=base64
                                  fff00655  fff00714        c0
  _base64_enc_map
                                  fff00655        40   data ,l         * 
  _base64_dec_map
                                  fff00695        80   data ,l         * 
FILE=md5
                                  fff00715  fff00754        40
  _md5_padding
                                  fff00715        40   data ,l         * 
FILE=xputtxt
                                  fff00755  fff007f9        a5
  _spaces
                                  fff00755        21   data ,l         * 
  _zeroes
                                  fff00776        21   data ,l         * 
  _asterisk
                                  fff00797        21   data ,l         * 
  _plus
                                  fff007b8        21   data ,l         * 
  _minus
                                  fff007d9        21   data ,l         * 
FILE=sha1
                                  fff007fa  fff00839        40
  _sha1_padding
                                  fff007fa        40   data ,l         * 
FILE=xgetint
                                  fff0083a  fff0085f        26
  _digits$1
                                  fff0083a        17   data ,l         * 
  _flit$2
                                  fff00851         8   data ,l         * 
  _barr$3
                                  fff00859         7   data ,l         * 
FILE=xlitob
                                  fff00860  fff00881        22
  _ldigs
                                  fff00860        11   data ,l         * 
  _udigs
                                  fff00871        11   data ,l         * 
FILE=_power
                                  fff00882  fff00901        80
  _conmnts$1
                                  fff00882        80   data ,l         * 
FILE=xstoull
                                  fff00902  fff0094b        4a
  _digits
                                  fff00902        25   data ,l         * 
  _ndigs
                                  fff00927        25   data ,l         * 
FILE=_pow5
                                  fff0094c  fff00a2b        e0
  _w$1
                                  fff0094c        e0   data ,l         * 

SECTION=C_2
FILE=.\platform\mcu\r5f565ne\hal\r_bsp_v3.60\r_bsp\mcu\rx65n\cpu.obj
                                  fff00a2c  fff00a31         6
  _g_prcr_masks
                                  fff00a2c         6   data ,l         * 
FILE=.\platform\mcu\r5f565ne\hal\r_sci_rx_v2.00\src\targets\rx65n\r_sci_rx65n_data.obj
                                  fff00a32  fff00a67        36
  _async_baud
                                  fff00a32        36   data ,g         * 
FILE=xtolotab
                                  fff00a68  fff00c69       202
  _tolow_tab
                                  fff00a68       202   data ,l         * 
FILE=xctype
                                  fff00c6a  fff00e6b       202
  _ctyp_tab
                                  fff00c6a       202   data ,l         * 
FILE=_power
                                  fff00e6c  fff00e8b        20
  _conexp$2
                                  fff00e6c        20   data ,l         * 

SECTION=C
FILE=.\board\r5f565ne-rtbrx65n\board.obj
                                  fff00e8c  fff00f3f        b4
  _hal_partitions
                                  fff00e8c        b4   data ,g         * 
FILE=.\kernel\cli\cli_default_command.obj
                                  fff00f40  fff00fb7        78
  _built_ins
                                  fff00f40        78   data ,l         * 
FILE=.\middleware\linkkit\sdk-c\src\infra\utils\digest\utils_sha256.obj
                                  fff00fb8  fff010b7       100
  _K
                                  fff00fb8       100   data ,l         * 
FILE=.\middleware\linkkit\sdk-c\src\services\mdal\sal\src\sal_err.obj
                                  fff010b8  fff010fb        44
  _err_to_errno_table
                                  fff010b8        44   data ,l         * 
FILE=.\network\netmgr\interfaces\netmgr_wifi.obj
                                  fff010fc  fff01117        1c
  _g_wifi_hal_event
                                  fff010fc        1c   data ,l         * 
FILE=.\network\yloop\src\device.obj
                                  fff01118  fff0112f        18
  _event_fops
                                  fff01118        18   data ,l         * 
FILE=.\platform\mcu\r5f565ne\bsp_RTB\dbsct.obj
                                  fff01130  fff01163        34
  __CTBL
                                  fff01130        34   data ,g         * 
FILE=.\platform\mcu\r5f565ne\hal\r_bsp_v3.60\r_bsp\board\generic_rx65n\lowsrc.obj
                                  fff01164  fff01167         4
  __nfiles
                                  fff01164         4   data ,g         * 
FILE=.\platform\mcu\r5f565ne\hal\r_sci_rx_v2.00\src\targets\rx65n\r_sci_rx65n_data.obj
                                  fff01168  fff014a7       340
  _ch0_rom
                                  fff01168        3c   data ,g         * 
  _ch1_rom
                                  fff011a4        3c   data ,g         * 
  _ch2_rom
                                  fff011e0        3c   data ,g         * 
  _ch3_rom
                                  fff0121c        3c   data ,g         * 
  _ch4_rom
                                  fff01258        3c   data ,g         * 
  _ch5_rom
                                  fff01294        3c   data ,g         * 
  _ch6_rom
                                  fff012d0        3c   data ,g         * 
  _ch7_rom
                                  fff0130c        3c   data ,g         * 
  _ch8_rom
                                  fff01348        3c   data ,g         * 
  _ch9_rom
                                  fff01384        3c   data ,g         * 
  _ch10_rom
                                  fff013c0        3c   data ,g         * 
  _ch11_rom
                                  fff013fc        3c   data ,g         * 
  _ch12_rom
                                  fff01438        3c   data ,g         * 
  _g_handles
                                  fff01474        34   data ,g         * 
FILE=.\security\alicrypto\core\src\bignum.obj
                                  fff014a8  fff01747       2a0
  _small_prime
                                  fff014a8       2a0   data ,l         * 
FILE=.\security\alicrypto\core\src\hash_wrap.obj
                                  fff01748  fff01807        c0
  _ali_algo_md5_info
                                  fff01748        30   data ,g         * 
  _ali_algo_sha1_info
                                  fff01778        30   data ,g         * 
  _ali_algo_sha224_info
                                  fff017a8        30   data ,g         * 
  _ali_algo_sha256_info
                                  fff017d8        30   data ,g         * 
FILE=.\security\alicrypto\core\src\oid.obj
                                  fff01808  fff0199f       198
  _oid_sig_alg
                                  fff01808        a8   data ,l         * 
  _oid_pk_alg
                                  fff018b0        50   data ,l         * 
  _oid_cipher_alg
                                  fff01900        3c   data ,l         * 
  _oid_md_alg
                                  fff0193c        64   data ,l         * 
FILE=.\security\alicrypto\core\src\sha256.obj
                                  fff019a0  fff01a9f       100
  _K
                                  fff019a0       100   data ,l         * 
FILE=x509_crt
                                  fff01aa0  fff01b77        d8
  _mbedtls_x509_crt_profile_default
                                  fff01aa0        10   data ,g         * 
  _mbedtls_x509_crt_profile_next
                                  fff01ab0        10   data ,g         * 
  _mbedtls_x509_crt_profile_suiteb
                                  fff01ac0        10   data ,g         * 
  _x509_crt_verify_strings
                                  fff01ad0        a8   data ,l         * 
FILE=md
                                  fff01b78  fff01b8b        14
  _supported_digests
                                  fff01b78        14   data ,l         * 
FILE=oid
                                  fff01b8c  fff01f9b       410
  _oid_x520_attr_type
                                  fff01b8c       190   data ,l         * 
  _oid_x509_ext
                                  fff01d1c        78   data ,l         * 
  _oid_ext_key_usage
                                  fff01d94        70   data ,l         * 
  _oid_sig_alg
                                  fff01e04        a8   data ,l         * 
  _oid_pk_alg
                                  fff01eac        50   data ,l         * 
  _oid_cipher_alg
                                  fff01efc        3c   data ,l         * 
  _oid_md_alg
                                  fff01f38        64   data ,l         * 
FILE=sha256
                                  fff01f9c  fff0209b       100
  _K
                                  fff01f9c       100   data ,l         * 
FILE=ssl_ciphersuites
                                  fff0209c  fff02177        dc
  _ciphersuite_preference
                                  fff0209c        14   data ,l         * 
  _ciphersuite_definitions
                                  fff020b0        c8   data ,l         * 
FILE=xfoprep
                                  fff02178  fff021bf        48
  _init$1
                                  fff02178        48   data ,l         * 
FILE=xprintf
                                  fff021c0  fff021d7        18
  _fbit$2
                                  fff021c0        18   data ,l         * 
FILE=bignum
                                  fff021d8  fff02477       2a0
  _small_prime
                                  fff021d8       2a0   data ,l         * 
FILE=cipher_wrap
                                  fff02478  fff0258b       114
  _aes_info
                                  fff02478        1c   data ,l         * 
  _aes_128_ecb_info
                                  fff02494        20   data ,l         * 
  _aes_192_ecb_info
                                  fff024b4        20   data ,l         * 
  _aes_256_ecb_info
                                  fff024d4        20   data ,l         * 
  _aes_128_cbc_info
                                  fff024f4        20   data ,l         * 
  _aes_192_cbc_info
                                  fff02514        20   data ,l         * 
  _aes_256_cbc_info
                                  fff02534        20   data ,l         * 
  _mbedtls_cipher_definitions
                                  fff02554        38   data ,g         * 
FILE=md_wrap
                                  fff0258c  fff0264b        c0
  _mbedtls_md5_info
                                  fff0258c        30   data ,g         * 
  _mbedtls_sha1_info
                                  fff025bc        30   data ,g         * 
  _mbedtls_sha224_info
                                  fff025ec        30   data ,g         * 
  _mbedtls_sha256_info
                                  fff0261c        30   data ,g         * 
FILE=pk_wrap
                                  fff0264c  fff0267b        30
  _mbedtls_rsa_info
                                  fff0264c        30   data ,g         * 
FILE=xfopen
                                  fff0267c  fff0268b        10
  _rwacc$1
                                  fff0267c        10   data ,l         * 

SECTION=C$DSEC
FILE=.\platform\mcu\r5f565ne\bsp_RTB\dbsct.obj
                                  fff0268c  fff026af        24
  __DTBL
                                  fff0268c        24   data ,g         * 

SECTION=C$BSEC
FILE=.\platform\mcu\r5f565ne\bsp_RTB\dbsct.obj
                                  fff026b0  fff026c7        18
  __BTBL
                                  fff026b0        18   data ,g         * 

SECTION=C$VECT
FILE=.\platform\mcu\r5f565ne\bsp_RTB\dbsct.obj
                                  fff026c8  fff02ac7       400

SECTION=D_1
FILE=.\app\example\mqttapp\app_entry.obj
                                  fff02ac8  fff02ac8         1
FILE=.\board\r5f565ne-rtbrx65n\test_r5f.obj
                                  fff02ac9  fff02ad2         a
FILE=.\drivers\sal\wifi\mk3060\mk3060.obj
                                  fff02ad3  fff02ad3         1
FILE=.\kernel\cli\cli.obj
                                  fff02ad4  fff02b14        41
FILE=.\kernel\fs\vfs\vfs.obj
                                  fff02b15  fff02b15         1
[...]
  _mbedtls_mpi_safe_cond_assign
                                  fff598a9        9b   func ,g         * 
  _mbedtls_mpi_safe_cond_swap
                                  fff59944        d1   func ,g         * 
  _mbedtls_mpi_lset
                                  fff59a15        4d   func ,g         * 
  _mbedtls_mpi_get_bit
                                  fff59a62        37   func ,g         * 
  _mbedtls_mpi_set_bit
                                  fff59a99        8a   func ,g         * 
  _mbedtls_mpi_lsb
                                  fff59b23        52   func ,g         * 
  _mbedtls_clz
                                  fff59b75        32   func ,l         * 
  _mbedtls_mpi_bitlen
                                  fff59ba7        55   func ,g         * 
  _mbedtls_mpi_size
                                  fff59bfc         f   func ,g         * 
  _mpi_get_digit
                                  fff59c0b        8f   func ,l         * 
  _mbedtls_mpi_read_string
                                  fff59c9a       1a4   func ,g         * 
  _mpi_write_hlp
                                  fff59e3e        88   func ,l         * 
  _mbedtls_mpi_write_string
                                  fff59ec6       195   func ,g         * 
  _mbedtls_mpi_read_binary
                                  fff5a05b        97   func ,g         * 
  _mbedtls_mpi_write_binary
                                  fff5a0f2        6e   func ,g         * 
  _mbedtls_mpi_shift_l
                                  fff5a160        f8   func ,g         * 
  _mbedtls_mpi_shift_r
                                  fff5a258       10c   func ,g         * 
  _mbedtls_mpi_cmp_abs
                                  fff5a364        d5   func ,g         * 
  _mbedtls_mpi_cmp_mpi
                                  fff5a439       126   func ,g         * 
  _mbedtls_mpi_cmp_int
                                  fff5a55f        3c   func ,g         * 
  _mbedtls_mpi_add_abs
                                  fff5a59b       121   func ,g         * 
  _mpi_sub_hlp
                                  fff5a6bc        8a   func ,l         * 
  _mbedtls_mpi_sub_abs
                                  fff5a746        9a   func ,g         * 
  _mbedtls_mpi_add_mpi
                                  fff5a7e0        70   func ,g         * 
  _mbedtls_mpi_sub_mpi
                                  fff5a850        6e   func ,g         * 
  _mbedtls_mpi_add_int
                                  fff5a8be        40   func ,g         * 
  _mbedtls_mpi_sub_int
                                  fff5a8fe        40   func ,g         * 
  _mpi_mul_hlp
                                  fff5a93e       8b8   func ,l         * 
  _mbedtls_mpi_mul_mpi
                                  fff5b1f6       109   func ,g         * 
  _mbedtls_mpi_mul_int
                                  fff5b2ff        24   func ,g         * 
  _mbedtls_int_div_int
                                  fff5b323        7e   func ,l         * 
  _mbedtls_mpi_div_mpi
                                  fff5b3a1       3d4   func ,g         * 
  _mbedtls_mpi_div_int
                                  fff5b775        44   func ,g         * 
  _mbedtls_mpi_mod_mpi
                                  fff5b7b9        6c   func ,g         * 
  _mbedtls_mpi_mod_int
                                  fff5b825        e7   func ,g         * 
  _mpi_montg_init
                                  fff5b90c        4b   func ,l         * 
  _mpi_montmul
                                  fff5b957        fd   func ,l         * 
  _mpi_montred
                                  fff5ba54        31   func ,l         * 
  _mbedtls_mpi_exp_mod
                                  fff5ba85       650   func ,g         * 
  _mbedtls_mpi_gcd
                                  fff5c0d5       125   func ,g         * 
  _mbedtls_mpi_fill_random
                                  fff5c1fa        5d   func ,g         * 
  _mbedtls_mpi_inv_mod
                                  fff5c257       2ec   func ,g         * 
  _mpi_check_small_factors
                                  fff5c543        75   func ,l         * 
  _mpi_miller_rabin
                                  fff5c5b8       28e   func ,l         * 
  _mbedtls_mpi_is_prime
                                  fff5c846        7f   func ,g         * 
  _mbedtls_mpi_gen_prime
                                  fff5c8c5       1c0   func ,g         * 
FILE=cipher_wrap
                                  fff5ca85  fff5cb2b        a7
  _aes_crypt_ecb_wrap
                                  fff5ca85        19   func ,l         * 
  _aes_crypt_cbc_wrap
                                  fff5ca9e        2e   func ,l         * 
  _aes_setkey_dec_wrap
                                  fff5cacc        15   func ,l         * 
  _aes_setkey_enc_wrap
                                  fff5cae1        15   func ,l         * 
  _aes_ctx_alloc
                                  fff5caf6        26   func ,l         * 
  _aes_ctx_free
                                  fff5cb1c        10   func ,l         * 
FILE=md5
                                  fff5cb2c  fff5d905       dda
  _mbedtls_zeroize
                                  fff5cb2c        23   func ,l         * 
  _mbedtls_md5_init
                                  fff5cb4f         d   func ,g         * 
  _mbedtls_md5_free
                                  fff5cb5c        14   func ,g         * 
  _mbedtls_md5_clone
                                  fff5cb70         f   func ,g         * 
  _mbedtls_md5_starts
                                  fff5cb7f        32   func ,g         * 
  _mbedtls_md5_process
                                  fff5cbb1       b59   func ,g         * 
  _mbedtls_md5_update
                                  fff5d70a        b8   func ,g         * 
  _mbedtls_md5_finish
                                  fff5d7c2       11a   func ,g         * 
  _mbedtls_md5
                                  fff5d8dc        2a   func ,g         * 
FILE=md_wrap
                                  fff5d906  fff5da97       192
  _md5_starts_wrap
                                  fff5d906         a   func ,l         * 
  _md5_update_wrap
                                  fff5d910        12   func ,l         * 
  _md5_finish_wrap
                                  fff5d922         e   func ,l         * 
  _md5_ctx_alloc
                                  fff5d930        1e   func ,l         * 
  _md5_ctx_free
                                  fff5d94e        10   func ,l         * 
  _md5_clone_wrap
                                  fff5d95e         e   func ,l         * 
  _md5_process_wrap
                                  fff5d96c         e   func ,l         * 
  _sha1_starts_wrap
                                  fff5d97a         a   func ,l         * 
  _sha1_update_wrap
                                  fff5d984        12   func ,l         * 
  _sha1_finish_wrap
                                  fff5d996         e   func ,l         * 
  _sha1_ctx_alloc
                                  fff5d9a4        1e   func ,l         * 
  _sha1_clone_wrap
                                  fff5d9c2         e   func ,l         * 
  _sha1_ctx_free
                                  fff5d9d0        10   func ,l         * 
  _sha1_process_wrap
                                  fff5d9e0         e   func ,l         * 
  _sha224_starts_wrap
                                  fff5d9ee         c   func ,l         * 
  _sha224_update_wrap
                                  fff5d9fa        12   func ,l         * 
  _sha224_finish_wrap
                                  fff5da0c         e   func ,l         * 
  _sha224_wrap
                                  fff5da1a        14   func ,l         * 
  _sha224_ctx_alloc
                                  fff5da2e        1e   func ,l         * 
  _sha224_ctx_free
                                  fff5da4c        10   func ,l         * 
  _sha224_clone_wrap
                                  fff5da5c         e   func ,l         * 
  _sha224_process_wrap
                                  fff5da6a         e   func ,l         * 
  _sha256_starts_wrap
                                  fff5da78         c   func ,l         * 
  _sha256_wrap
                                  fff5da84        14   func ,l         * 
FILE=pk_wrap
                                  fff5da98  fff5dc98       201
  _rsa_can_do
                                  fff5da98        19   func ,l         * 
  _rsa_get_bitlen
                                  fff5dab1         c   func ,l         * 
  _rsa_verify_wrap
                                  fff5dabd        65   func ,l         * 
  _rsa_sign_wrap
                                  fff5db22        4b   func ,l         * 
  _rsa_decrypt_wrap
                                  fff5db6d        57   func ,l         * 
  _rsa_encrypt_wrap
                                  fff5dbc4        57   func ,l         * 
  _rsa_check_pair_wrap
                                  fff5dc1b        10   func ,l         * 
  _rsa_alloc_wrap
                                  fff5dc2b        23   func ,l         * 
  _rsa_free_wrap
                                  fff5dc4e        10   func ,l         * 
  _rsa_debug
                                  fff5dc5e        3b   func ,l         * 
FILE=rsa
                                  fff5dc99  fff5f3b2      171a
  _mbedtls_rsa_init
                                  fff5dc99        2c   func ,g         * 
  _mbedtls_rsa_set_padding
                                  fff5dcc5        18   func ,g         * 
  _mbedtls_rsa_gen_key
                                  fff5dcdd       20e   func ,g         * 
  _mbedtls_rsa_check_pubkey
                                  fff5deeb        c9   func ,g         * 
  _mbedtls_rsa_check_privkey
                                  fff5dfb4       328   func ,g         * 
  _mbedtls_rsa_check_pub_priv
                                  fff5e2dc        66   func ,g         * 
  _mbedtls_rsa_public
                                  fff5e342        bc   func ,g         * 
  _rsa_prepare_blinding
                                  fff5e3fe        f6   func ,l         * 
  _mbedtls_rsa_private
                                  fff5e4f4       211   func ,g         * 
  _mbedtls_rsa_rsaes_pkcs1_v15_encrypt
                                  fff5e705       193   func ,g         * 
  _mbedtls_rsa_pkcs1_encrypt
                                  fff5e898        4b   func ,g         * 
  _mbedtls_rsa_rsaes_pkcs1_v15_decrypt
                                  fff5e8e3       288   func ,g         * 
  _mbedtls_rsa_pkcs1_decrypt
                                  fff5eb6b        59   func ,g         * 
  _mbedtls_rsa_rsassa_pkcs1_v15_sign
                                  fff5ebc4       267   func ,g         * 
  _mbedtls_rsa_pkcs1_sign
                                  fff5ee2b        59   func ,g         * 
  _mbedtls_rsa_rsassa_pkcs1_v15_verify
                                  fff5ee84       309   func ,g         * 
  _mbedtls_rsa_pkcs1_verify
                                  fff5f18d        59   func ,g         * 
  _mbedtls_rsa_copy
                                  fff5f1e6       142   func ,g         * 
  _mbedtls_rsa_free
                                  fff5f328        8b   func ,g         * 
FILE=xfwprep
                                  fff5f3b3  fff5f44b        99
  __Fwprep
                                  fff5f3b3        99   func ,g         * 
FILE=xgetfld
                                  fff5f44c  fff5f589       13e
  __Getfld
                                  fff5f44c       13e   func ,g         * 
FILE=xputfld
                                  fff5f58a  fff5f9a3       41a
  __Putfld
                                  fff5f58a       41a   func ,g         * 
FILE=xfopen
                                  fff5f9a4  fff5f9d3        30
  __Fopen
                                  fff5f9a4        30   func ,g         * 
FILE=xvacopy
                                  fff5f9d4  fff5f9db         8
  __Vacopy
                                  fff5f9d4         8   func ,g         * 
FILE=xputtxt
                                  fff5f9dc  fff5fcc0       2e5
  __Puttxt
                                  fff5f9dc       2e5   func ,g         * 
FILE=strrchr
                                  fff5fcc1  fff5fcd9        19
  _strrchr
                                  fff5fcc1        19   func ,g         * 
FILE=_calcfpo
                                  fff5fcda  fff5fe43       16a
  __calcfpow
                                  fff5fcda       16a   func ,g         * 
FILE=_calcint
                                  fff5fe44  fff5feae        6b
  __calcint
                                  fff5fe44        6b   func ,g         * 
FILE=xctype
                                  fff5feaf  fff5fec4        16
  __Getpctype
                                  fff5feaf        16   func ,g         * 
FILE=sha1
                                  fff5fec5  fff61652      178e
  _mbedtls_zeroize
                                  fff5fec5        23   func ,l         * 
  _mbedtls_sha1_init
                                  fff5fee8         d   func ,g         * 
  _mbedtls_sha1_free
                                  fff5fef5        14   func ,g         * 
  _mbedtls_sha1_clone
                                  fff5ff09         f   func ,g         * 
  _mbedtls_sha1_starts
                                  fff5ff18        3b   func ,g         * 
  _mbedtls_sha1_process
                                  fff5ff53      14dd   func ,g         * 
  _mbedtls_sha1_update
                                  fff61430        b8   func ,g         * 
  _mbedtls_sha1_finish
                                  fff614e8       141   func ,g         * 
  _mbedtls_sha1
                                  fff61629        2a   func ,g         * 
FILE=xgetint
                                  fff61653  fff61904       2b2
  __Getint
                                  fff61653       2b2   func ,g         * 
FILE=xputstr
                                  fff61905  fff619e4        e0
  __Putstr
                                  fff61905        e0   func ,g         * 
FILE=xlitob
                                  fff619e5  fff61afa       116
  __Litob
                                  fff619e5       116   func ,g         * 
FILE=xgetstr
                                  fff61afb  fff61e71       377
  _ranmatch
                                  fff61afb        4a   func ,l         * 
  __Getstr
                                  fff61b45       32d   func ,g         * 
FILE=_setsbit
                                  fff61e72  fff61ec6        55
  __setsbit
                                  fff61e72        55   func ,g         * 
FILE=_div64
                                  fff61ec7  fff61ff6       130
  __div64
                                  fff61ec7       130   func ,g         * 
FILE=_mult64
                                  fff61ff7  fff62044        4e
  __mult64
                                  fff61ff7        4e   func ,g         * 
FILE=_add
                                  fff62045  fff62068        24
  __add
                                  fff62045        24   func ,g         * 
FILE=_lsft
                                  fff62069  fff62092        2a
  __lsft
                                  fff62069        2a   func ,g         * 
FILE=_lsfts
                                  fff62093  fff620d4        42
  __lsfts
                                  fff62093        42   func ,g         * 
FILE=_packf
                                  fff620d5  fff620ff        2b
  __packf
                                  fff620d5        2b   func ,g         * 
FILE=_rnd
                                  fff62100  fff62187        88
  __rnd
                                  fff62100        88   func ,g         * 
FILE=_power
                                  fff62188  fff62271        ea
  __power
                                  fff62188        ea   func ,g         * 
FILE=_mult
                                  fff62272  fff622fd        8c
  __mult
                                  fff62272        8c   func ,g         * 
FILE=_mvito4b
                                  fff622fe  fff62311        14
  __mvito4b
                                  fff622fe        14   func ,g         * 
FILE=_rsft
                                  fff62312  fff62337        26
  __rsft
                                  fff62312        26   func ,g         * 
FILE=_pow10
                                  fff62338  fff6239a        63
  __pow10
                                  fff62338        63   func ,g         * 
FILE=_sub
                                  fff6239b  fff623db        41
  __sub
                                  fff6239b        41   func ,g         * 
FILE=xmbtowc
                                  fff623dc  fff62542       167
  __Mbtowcx
                                  fff623dc       136   func ,g         * 
  __Mbtowc
                                  fff62512        31   func ,g         * 
FILE=xwctomb
                                  fff62543  fff62698       156
  __Wctombx
                                  fff62543       110   func ,g         * 
  __Wctomb
                                  fff62653        46   func ,g         * 
FILE=xstate
                                  fff62699  fff626ca        32
  __Getmbcurmax
                                  fff62699        16   func ,g         * 
  __Getpmbstate
                                  fff626af        1c   func ,g         * 
FILE=xstoull
                                  fff626cb  fff62892       1c8
  __Stoullx
                                  fff626cb       1c3   func ,g         * 
  __Stoull
                                  fff6288e         5   func ,g         * 
FILE=xstoll
                                  fff62893  fff6294b        b9
  __Stollx
                                  fff62893        b4   func ,g         * 
  __Stoll
                                  fff62947         5   func ,g         * 
FILE=_pow5
                                  fff6294c  fff6295c        11
  __pow5
                                  fff6294c        11   func ,g         * 
FILE=_mvsto2b
                                  fff6295d  fff6296f        13
  __mvsto2b
                                  fff6295d        13   func ,g         * 
FILE=xwcstate
                                  fff62970  fff6298b        1c
  __Getpwcstate
                                  fff62970        1c   func ,g         * 

SECTION=PFRAM
FILE=.\platform\mcu\r5f565ne\hal\r_flash_rx_v3.20\r_flash_rx\src\flash_type_4\r_flash_type4.obj
                                  fff6298c  fff62c46       2bb
FILE=.\platform\mcu\r5f565ne\hal\r_flash_rx_v3.20\r_flash_rx\src\r_flash_fcu.obj
                                  fff62c47  fff6309e       458
FILE=.\platform\mcu\r5f565ne\hal\r_flash_rx_v3.20\r_flash_rx\src\r_flash_group.obj
                                  fff6309f  fff63b81       ae3
FILE=.\platform\mcu\r5f565ne\hal\r_flash_rx_v3.20\r_flash_rx\src\r_flash_rx.obj
                                  fff63b82  fff63c49        c8

SECTION=PFRAM2
FILE=.\platform\mcu\r5f565ne\hal\r_flash_rx_v3.20\r_flash_rx\src\flash_type_4\r_flash_type4.obj
                                  fff63c4a  fff63d52       109

SECTION=EXCEPTVECT
FILE=.\platform\mcu\r5f565ne\bsp_RTB\bsp_vect_tbl.obj
                                  ffffff80  fffffffb        7c
  _Except_Vectors
                                  ffffff80        7c   data ,g         * 

SECTION=RESETVECT
FILE=.\platform\mcu\r5f565ne\bsp_RTB\bsp_vect_tbl.obj
                                  fffffffc  ffffffff         4
  _Reset_Vectors
                                  fffffffc         4   data ,g         * 

*** Unfilled Areas ***

AREA                                START    END

*** Delete Symbols ***

SYMBOL                                SIZE    INFO
